strlen_empty=PASS
strlen_hello=PASS
strcmp_eq=PASS
strcmp_lt=PASS
strcmp_gt=PASS
strcmp_prefix=PASS
strncmp_eq=PASS
strncmp_diff=PASS
strcpy_basic=PASS
strncpy_pad=PASS
strncpy_trunc=PASS
strchr_found=PASS
strchr_notfound=PASS
strchr_nul=PASS
memchr_found=PASS
memchr_notfound=PASS
memchr_bounded=PASS
memcpy_basic=PASS
memcpy_size0=PASS
memset_fill=PASS
memset_zero=PASS
memmove_fwd_overlap=PASS
memmove_bwd_overlap=PASS
memmove_nonoverlap=PASS
